// Jest Snapshot v1, https://goo.gl/fbAQLP

exports[`should match snapshot 1`] = `
<DocumentFragment>
  <button>
    start
  </button>
  <button>
    random
  </button>
  <button>
    reset
  </button>
  <br />
  <br />
  <button
    style="width: 200px;"
  >
    next generation
  </button>
  <br />
  <br />
  Wrapped around edges? Yes   
  <button>
    unwrap
  </button>
  <div
    style="display: grid; grid-template-columns: repeat(30, 20px;"
  >
    <div
      style="width: 20px; height: 20px; border: 1px solid black;"
    />
    <div
      style="width: 20px; height: 20px; border: 1px solid black;"
    />
    <div
      style="width: 20px; height: 20px; border: 1px solid black;"
    />
    <div
      style="width: 20px; height: 20px; border: 1px solid black;"
    />
    <div
      style="width: 20px; height: 20px; border: 1px solid black;"
    />
    <div
      style="width: 20px; height: 20px; border: 1px solid black;"
    />
    <div
      style="width: 20px; height: 20px; border: 1px solid black;"
    />
    <div
      style="width: 20px; height: 20px; border: 1px solid black;"
    />
    <div
      style="width: 20px; height: 20px; border: 1px solid black;"
    />
    <div
      style="width: 20px; height: 20px; border: 1px solid black;"
    />
    <div
      style="width: 20px; height: 20px; border: 1px solid black;"
    />
    <div
      style="width: 20px; height: 20px; border: 1px solid black;"
    />
    <div
      style="width: 20px; height: 20px; border: 1px solid black;"
    />
    <div
      style="width: 20px; height: 20px; border: 1px solid black;"
    />
    <div
      style="width: 20px; height: 20px; border: 1px solid black;"
    />
    <div
      style="width: 20px; height: 20px; border: 1px solid black;"
    />
    <div
      style="width: 20px; height: 20px; border: 1px solid black;"
    />
    <div
      style="width: 20px; height: 20px; border: 1px solid black;"
    />
    <div
      style="width: 20px; height: 20px; border: 1px solid black;"
    />
    <div
      style="width: 20px; height: 20px; border: 1px solid black;"
    />
    <div
      style="width: 20px; height: 20px; border: 1px solid black;"
    />
    <div
      style="width: 20px; height: 20px; border: 1px solid black;"
    />
    <div
      style="width: 20px; height: 20px; border: 1px solid black;"
    />
    <div
      style="width: 20px; height: 20px; border: 1px solid black;"
    />
    <div
      style="width: 20px; height: 20px; border: 1px solid black;"
    />
    <div
      style="width: 20px; height: 20px; border: 1px solid black;"
    />
    <div
      style="width: 20px; height: 20px; border: 1px solid black;"
    />
    <div
      style="width: 20px; height: 20px; border: 1px solid black;"
    />
    <div
      style="width: 20px; height: 20px; border: 1px solid black;"
    />
    <div
      style="width: 20px; height: 20px; border: 1px solid black;"
    />
    <div
      style="width: 20px; height: 20px; border: 1px solid black;"
    />
    <div
      style="width: 20px; height: 20px; border: 1px solid black;"
    />
    <div
      style="width: 20px; height: 20px; border: 1px solid black;"
    />
    <div
      style="width: 20px; height: 20px; border: 1px solid black;"
    />
    <div
      style="width: 20px; height: 20px; border: 1px solid black;"
    />
    <div
      style="width: 20px; height: 20px; border: 1px solid black;"
    />
    <div
      style="width: 20px; height: 20px; border: 1px solid black;"
    />
    <div
      style="width: 20px; height: 20px; border: 1px solid black;"
    />
    <div
      style="width: 20px; height: 20px; border: 1px solid black;"
    />
    <div
      style="width: 20px; height: 20px; border: 1px solid black;"
    />
    <div
      style="width: 20px; height: 20px; border: 1px solid black;"
    />
    <div
      style="width: 20px; height: 20px; border: 1px solid black;"
    />
    <div
      style="width: 20px; height: 20px; border: 1px solid black;"
    />
    <div
      style="width: 20px; height: 20px; border: 1px solid black;"
    />
    <div
      style="width: 20px; height: 20px; border: 1px solid black;"
    />
    <div
      style="width: 20px; height: 20px; border: 1px solid black;"
    />
    <div
      style="width: 20px; height: 20px; border: 1px solid black;"
    />
    <div
      style="width: 20px; height: 20px; border: 1px solid black;"
    />
    <div
      style="width: 20px; height: 20px; border: 1px solid black;"
    />
    <div
      style="width: 20px; height: 20px; border: 1px solid black;"
    />
    <div
      style="width: 20px; height: 20px; border: 1px solid black;"
    />
    <div
      style="width: 20px; height: 20px; border: 1px solid black;"
    />
    <div
      style="width: 20px; height: 20px; border: 1px solid black;"
    />
    <div
      style="width: 20px; height: 20px; border: 1px solid black;"
    />
    <div
      style="width: 20px; height: 20px; border: 1px solid black;"
    />
    <div
      style="width: 20px; height: 20px; border: 1px solid black;"
    />
    <div
      style="width: 20px; height: 20px; border: 1px solid black;"
    />
    <div
      style="width: 20px; height: 20px; border: 1px solid black;"
    />
    <div
      style="width: 20px; height: 20px; border: 1px solid black;"
    />
    <div
      style="width: 20px; height: 20px; border: 1px solid black;"
    />
    <div
      style="width: 20px; height: 20px; border: 1px solid black;"
    />
    <div
      style="width: 20px; height: 20px; border: 1px solid black;"
    />
    <div
      style="width: 20px; height: 20px; border: 1px solid black;"
    />
    <div
      style="width: 20px; height: 20px; border: 1px solid black;"
    />
    <div
      style="width: 20px; height: 20px; border: 1px solid black;"
    />
    <div
      style="width: 20px; height: 20px; border: 1px solid black;"
    />
    <div
      style="width: 20px; height: 20px; border: 1px solid black;"
    />
    <div
      style="width: 20px; height: 20px; border: 1px solid black;"
    />
    <div
      style="width: 20px; height: 20px; border: 1px solid black;"
    />
    <div
      style="width: 20px; height: 20px; border: 1px solid black;"
    />
    <div
      style="width: 20px; height: 20px; border: 1px solid black;"
    />
    <div
      style="width: 20px; height: 20px; border: 1px solid black;"
    />
    <div
      style="width: 20px; height: 20px; border: 1px solid black;"
    />
    <div
      style="width: 20px; height: 20px; border: 1px solid black;"
    />
    <div
      style="width: 20px; height: 20px; border: 1px solid black;"
    />
    <div
      style="width: 20px; height: 20px; border: 1px solid black;"
    />
    <div
      style="width: 20px; height: 20px; border: 1px solid black;"
    />
    <div
      style="width: 20px; height: 20px; border: 1px solid black;"
    />
    <div
      style="width: 20px; height: 20px; border: 1px solid black;"
    />
    <div
      style="width: 20px; height: 20px; border: 1px solid black;"
    />
    <div
      style="width: 20px; height: 20px; border: 1px solid black;"
    />
    <div
      style="width: 20px; height: 20px; border: 1px solid black;"
    />
    <div
      style="width: 20px; height: 20px; border: 1px solid black;"
    />
    <div
      style="width: 20px; height: 20px; border: 1px solid black;"
    />
    <div
      style="width: 20px; height: 20px; border: 1px solid black;"
    />
    <div
      style="width: 20px; height: 20px; border: 1px solid black;"
    />
    <div
      style="width: 20px; height: 20px; border: 1px solid black;"
    />
    <div
      style="width: 20px; height: 20px; border: 1px solid black;"
    />
    <div
      style="width: 20px; height: 20px; border: 1px solid black;"
    />
    <div
      style="width: 20px; height: 20px; border: 1px solid black;"
    />
    <div
      style="width: 20px; height: 20px; border: 1px solid black;"
    />
    <div
      style="width: 20px; height: 20px; border: 1px solid black;"
    />
    <div
      style="width: 20px; height: 20px; border: 1px solid black;"
    />
    <div
      style="width: 20px; height: 20px; border: 1px solid black;"
    />
    <div
      style="width: 20px; height: 20px; border: 1px solid black;"
    />
    <div
      style="width: 20px; height: 20px; border: 1px solid black;"
    />
    <div
      style="width: 20px; height: 20px; border: 1px solid black;"
    />
    <div
      style="width: 20px; height: 20px; border: 1px solid black;"
    />
    <div
      style="width: 20px; height: 20px; border: 1px solid black;"
    />
    <div
      style="width: 20px; height: 20px; border: 1px solid black;"
    />
    <div
      style="width: 20px; height: 20px; border: 1px solid black;"
    />
    <div
      style="width: 20px; height: 20px; border: 1px solid black;"
    />
    <div
      style="width: 20px; height: 20px; border: 1px solid black;"
    />
    <div
      style="width: 20px; height: 20px; border: 1px solid black;"
    />
    <div
      style="width: 20px; height: 20px; border: 1px solid black;"
    />
    <div
      style="width: 20px; height: 20px; border: 1px solid black;"
    />
    <div
      style="width: 20px; height: 20px; border: 1px solid black;"
    />
    <div
      style="width: 20px; height: 20px; border: 1px solid black;"
    />
    <div
      style="width: 20px; height: 20px; border: 1px solid black;"
    />
    <div
      style="width: 20px; height: 20px; border: 1px solid black;"
    />
    <div
      style="width: 20px; height: 20px; border: 1px solid black;"
    />
    <div
      style="width: 20px; height: 20px; border: 1px solid black;"
    />
    <div
      style="width: 20px; height: 20px; border: 1px solid black;"
    />
    <div
      style="width: 20px; height: 20px; border: 1px solid black;"
    />
    <div
      style="width: 20px; height: 20px; border: 1px solid black;"
    />
    <div
      style="width: 20px; height: 20px; border: 1px solid black;"
    />
    <div
      style="width: 20px; height: 20px; border: 1px solid black;"
    />
    <div
      style="width: 20px; height: 20px; border: 1px solid black;"
    />
    <div
      style="width: 20px; height: 20px; border: 1px solid black;"
    />
    <div
      style="width: 20px; height: 20px; border: 1px solid black;"
    />
    <div
      style="width: 20px; height: 20px; border: 1px solid black;"
    />
    <div
      style="width: 20px; height: 20px; border: 1px solid black;"
    />
    <div
      style="width: 20px; height: 20px; border: 1px solid black;"
    />
    <div
      style="width: 20px; height: 20px; border: 1px solid black;"
    />
    <div
      style="width: 20px; height: 20px; border: 1px solid black;"
    />
    <div
      style="width: 20px; height: 20px; border: 1px solid black;"
    />
    <div
      style="width: 20px; height: 20px; border: 1px solid black;"
    />
    <div
      style="width: 20px; height: 20px; border: 1px solid black;"
    />
    <div
      style="width: 20px; height: 20px; border: 1px solid black;"
    />
    <div
      style="width: 20px; height: 20px; border: 1px solid black;"
    />
    <div
      style="width: 20px; height: 20px; border: 1px solid black;"
    />
    <div
      style="width: 20px; height: 20px; border: 1px solid black;"
    />
    <div
      style="width: 20px; height: 20px; border: 1px solid black;"
    />
    <div
      style="width: 20px; height: 20px; border: 1px solid black;"
    />
    <div
      style="width: 20px; height: 20px; border: 1px solid black;"
    />
    <div
      style="width: 20px; height: 20px; border: 1px solid black;"
    />
    <div
      style="width: 20px; height: 20px; border: 1px solid black;"
    />
    <div
      style="width: 20px; height: 20px; border: 1px solid black;"
    />
    <div
      style="width: 20px; height: 20px; border: 1px solid black;"
    />
    <div
      style="width: 20px; height: 20px; border: 1px solid black;"
    />
    <div
      style="width: 20px; height: 20px; border: 1px solid black;"
    />
    <div
      style="width: 20px; height: 20px; border: 1px solid black;"
    />
    <div
      style="width: 20px; height: 20px; border: 1px solid black;"
    />
    <div
      style="width: 20px; height: 20px; border: 1px solid black;"
    />
    <div
      style="width: 20px; height: 20px; border: 1px solid black;"
    />
    <div
      style="width: 20px; height: 20px; border: 1px solid black;"
    />
    <div
      style="width: 20px; height: 20px; border: 1px solid black;"
    />
    <div
      style="width: 20px; height: 20px; border: 1px solid black;"
    />
    <div
      style="width: 20px; height: 20px; border: 1px solid black;"
    />
    <div
      style="width: 20px; height: 20px; border: 1px solid black;"
    />
    <div
      style="width: 20px; height: 20px; border: 1px solid black;"
    />
    <div
      style="width: 20px; height: 20px; border: 1px solid black;"
    />
    <div
      style="width: 20px; height: 20px; border: 1px solid black;"
    />
    <div
      style="width: 20px; height: 20px; border: 1px solid black;"
    />
    <div
      style="width: 20px; height: 20px; border: 1px solid black;"
    />
    <div
      style="width: 20px; height: 20px; border: 1px solid black;"
    />
    <div
      style="width: 20px; height: 20px; border: 1px solid black;"
    />
    <div
      style="width: 20px; height: 20px; border: 1px solid black;"
    />
    <div
      style="width: 20px; height: 20px; border: 1px solid black;"
    />
    <div
      style="width: 20px; height: 20px; border: 1px solid black;"
    />
    <div
      style="width: 20px; height: 20px; border: 1px solid black;"
    />
    <div
      style="width: 20px; height: 20px; border: 1px solid black;"
    />
    <div
      style="width: 20px; height: 20px; border: 1px solid black;"
    />
    <div
      style="width: 20px; height: 20px; border: 1px solid black;"
    />
    <div
      style="width: 20px; height: 20px; border: 1px solid black;"
    />
    <div
      style="width: 20px; height: 20px; border: 1px solid black;"
    />
    <div
      style="width: 20px; height: 20px; border: 1px solid black;"
    />
    <div
      style="width: 20px; height: 20px; border: 1px solid black;"
    />
    <div
      style="width: 20px; height: 20px; border: 1px solid black;"
    />
    <div
      style="width: 20px; height: 20px; border: 1px solid black;"
    />
    <div
      style="width: 20px; height: 20px; border: 1px solid black;"
    />
    <div
      style="width: 20px; height: 20px; border: 1px solid black;"
    />
    <div
      style="width: 20px; height: 20px; border: 1px solid black;"
    />
    <div
      style="width: 20px; height: 20px; border: 1px solid black;"
    />
    <div
      style="width: 20px; height: 20px; border: 1px solid black;"
    />
    <div
      style="width: 20px; height: 20px; border: 1px solid black;"
    />
    <div
      style="width: 20px; height: 20px; border: 1px solid black;"
    />
    <div
      style="width: 20px; height: 20px; border: 1px solid black;"
    />
    <div
      style="width: 20px; height: 20px; border: 1px solid black;"
    />
    <div
      style="width: 20px; height: 20px; border: 1px solid black;"
    />
    <div
      style="width: 20px; height: 20px; border: 1px solid black;"
    />
    <div
      style="width: 20px; height: 20px; border: 1px solid black;"
    />
    <div
      style="width: 20px; height: 20px; border: 1px solid black;"
    />
    <div
      style="width: 20px; height: 20px; border: 1px solid black;"
    />
    <div
      style="width: 20px; height: 20px; border: 1px solid black;"
    />
    <div
      style="width: 20px; height: 20px; border: 1px solid black;"
    />
    <div
      style="width: 20px; height: 20px; border: 1px solid black;"
    />
    <div
      style="width: 20px; height: 20px; border: 1px solid black;"
    />
    <div
      style="width: 20px; height: 20px; border: 1px solid black;"
    />
    <div
      style="width: 20px; height: 20px; border: 1px solid black;"
    />
    <div
      style="width: 20px; height: 20px; border: 1px solid black;"
    />
    <div
      style="width: 20px; height: 20px; border: 1px solid black;"
    />
    <div
      style="width: 20px; height: 20px; border: 1px solid black;"
    />
    <div
      style="width: 20px; height: 20px; border: 1px solid black;"
    />
    <div
      style="width: 20px; height: 20px; border: 1px solid black;"
    />
    <div
      style="width: 20px; height: 20px; border: 1px solid black;"
    />
    <div
      style="width: 20px; height: 20px; border: 1px solid black;"
    />
    <div
      style="width: 20px; height: 20px; border: 1px solid black;"
    />
    <div
      style="width: 20px; height: 20px; border: 1px solid black;"
    />
    <div
      style="width: 20px; height: 20px; border: 1px solid black;"
    />
    <div
      style="width: 20px; height: 20px; border: 1px solid black;"
    />
    <div
      style="width: 20px; height: 20px; border: 1px solid black;"
    />
    <div
      style="width: 20px; height: 20px; border: 1px solid black;"
    />
    <div
      style="width: 20px; height: 20px; border: 1px solid black;"
    />
    <div
      style="width: 20px; height: 20px; border: 1px solid black;"
    />
    <div
      style="width: 20px; height: 20px; border: 1px solid black;"
    />
    <div
      style="width: 20px; height: 20px; border: 1px solid black;"
    />
    <div
      style="width: 20px; height: 20px; border: 1px solid black;"
    />
    <div
      style="width: 20px; height: 20px; border: 1px solid black;"
    />
    <div
      style="width: 20px; height: 20px; border: 1px solid black;"
    />
    <div
      style="width: 20px; height: 20px; border: 1px solid black;"
    />
    <div
      style="width: 20px; height: 20px; border: 1px solid black;"
    />
    <div
      style="width: 20px; height: 20px; border: 1px solid black;"
    />
    <div
      style="width: 20px; height: 20px; border: 1px solid black;"
    />
    <div
      style="width: 20px; height: 20px; border: 1px solid black;"
    />
    <div
      style="width: 20px; height: 20px; border: 1px solid black;"
    />
    <div
      style="width: 20px; height: 20px; border: 1px solid black;"
    />
    <div
      style="width: 20px; height: 20px; border: 1px solid black;"
    />
    <div
      style="width: 20px; height: 20px; border: 1px solid black;"
    />
    <div
      style="width: 20px; height: 20px; border: 1px solid black;"
    />
    <div
      style="width: 20px; height: 20px; border: 1px solid black;"
    />
    <div
      style="width: 20px; height: 20px; border: 1px solid black;"
    />
    <div
      style="width: 20px; height: 20px; border: 1px solid black;"
    />
    <div
      style="width: 20px; height: 20px; border: 1px solid black;"
    />
    <div
      style="width: 20px; height: 20px; border: 1px solid black;"
    />
    <div
      style="width: 20px; height: 20px; border: 1px solid black;"
    />
    <div
      style="width: 20px; height: 20px; border: 1px solid black;"
    />
    <div
      style="width: 20px; height: 20px; border: 1px solid black;"
    />
    <div
      style="width: 20px; height: 20px; border: 1px solid black;"
    />
    <div
      style="width: 20px; height: 20px; border: 1px solid black;"
    />
    <div
      style="width: 20px; height: 20px; border: 1px solid black;"
    />
    <div
      style="width: 20px; height: 20px; border: 1px solid black;"
    />
    <div
      style="width: 20px; height: 20px; border: 1px solid black;"
    />
    <div
      style="width: 20px; height: 20px; border: 1px solid black;"
    />
    <div
      style="width: 20px; height: 20px; border: 1px solid black;"
    />
    <div
      style="width: 20px; height: 20px; border: 1px solid black;"
    />
    <div
      style="width: 20px; height: 20px; border: 1px solid black;"
    />
    <div
      style="width: 20px; height: 20px; border: 1px solid black;"
    />
    <div
      style="width: 20px; height: 20px; border: 1px solid black;"
    />
    <div
      style="width: 20px; height: 20px; border: 1px solid black;"
    />
    <div
      style="width: 20px; height: 20px; border: 1px solid black;"
    />
    <div
      style="width: 20px; height: 20px; border: 1px solid black;"
    />
    <div
      style="width: 20px; height: 20px; border: 1px solid black;"
    />
    <div
      style="width: 20px; height: 20px; border: 1px solid black;"
    />
    <div
      style="width: 20px; height: 20px; border: 1px solid black;"
    />
    <div
      style="width: 20px; height: 20px; border: 1px solid black;"
    />
    <div
      style="width: 20px; height: 20px; border: 1px solid black;"
    />
    <div
      style="width: 20px; height: 20px; border: 1px solid black;"
    />
    <div
      style="width: 20px; height: 20px; border: 1px solid black;"
    />
    <div
      style="width: 20px; height: 20px; border: 1px solid black;"
    />
    <div
      style="width: 20px; height: 20px; border: 1px solid black;"
    />
    <div
      style="width: 20px; height: 20px; border: 1px solid black;"
    />
    <div
      style="width: 20px; height: 20px; border: 1px solid black;"
    />
    <div
      style="width: 20px; height: 20px; border: 1px solid black;"
    />
    <div
      style="width: 20px; height: 20px; border: 1px solid black;"
    />
    <div
      style="width: 20px; height: 20px; border: 1px solid black;"
    />
    <div
      style="width: 20px; height: 20px; border: 1px solid black;"
    />
    <div
      style="width: 20px; height: 20px; border: 1px solid black;"
    />
    <div
      style="width: 20px; height: 20px; border: 1px solid black;"
    />
    <div
      style="width: 20px; height: 20px; border: 1px solid black;"
    />
    <div
      style="width: 20px; height: 20px; border: 1px solid black;"
    />
    <div
      style="width: 20px; height: 20px; border: 1px solid black;"
    />
    <div
      style="width: 20px; height: 20px; border: 1px solid black;"
    />
    <div
      style="width: 20px; height: 20px; border: 1px solid black;"
    />
    <div
      style="width: 20px; height: 20px; border: 1px solid black;"
    />
    <div
      style="width: 20px; height: 20px; border: 1px solid black;"
    />
    <div
      style="width: 20px; height: 20px; border: 1px solid black;"
    />
    <div
      style="width: 20px; height: 20px; border: 1px solid black;"
    />
    <div
      style="width: 20px; height: 20px; border: 1px solid black;"
    />
    <div
      style="width: 20px; height: 20px; border: 1px solid black;"
    />
    <div
      style="width: 20px; height: 20px; border: 1px solid black;"
    />
    <div
      style="width: 20px; height: 20px; border: 1px solid black;"
    />
    <div
      style="width: 20px; height: 20px; border: 1px solid black;"
    />
    <div
      style="width: 20px; height: 20px; border: 1px solid black;"
    />
    <div
      style="width: 20px; height: 20px; border: 1px solid black;"
    />
    <div
      style="width: 20px; height: 20px; border: 1px solid black;"
    />
    <div
      style="width: 20px; height: 20px; border: 1px solid black;"
    />
    <div
      style="width: 20px; height: 20px; border: 1px solid black;"
    />
    <div
      style="width: 20px; height: 20px; border: 1px solid black;"
    />
    <div
      style="width: 20px; height: 20px; border: 1px solid black;"
    />
    <div
      style="width: 20px; height: 20px; border: 1px solid black;"
    />
    <div
      style="width: 20px; height: 20px; border: 1px solid black;"
    />
    <div
      style="width: 20px; height: 20px; border: 1px solid black;"
    />
    <div
      style="width: 20px; height: 20px; border: 1px solid black;"
    />
    <div
      style="width: 20px; height: 20px; border: 1px solid black;"
    />
    <div
      style="width: 20px; height: 20px; border: 1px solid black;"
    />
    <div
      style="width: 20px; height: 20px; border: 1px solid black;"
    />
    <div
      style="width: 20px; height: 20px; border: 1px solid black;"
    />
    <div
      style="width: 20px; height: 20px; border: 1px solid black;"
    />
    <div
      style="width: 20px; height: 20px; border: 1px solid black;"
    />
    <div
      style="width: 20px; height: 20px; border: 1px solid black;"
    />
    <div
      style="width: 20px; height: 20px; border: 1px solid black;"
    />
    <div
      style="width: 20px; height: 20px; border: 1px solid black;"
    />
    <div
      style="width: 20px; height: 20px; border: 1px solid black;"
    />
    <div
      style="width: 20px; height: 20px; border: 1px solid black;"
    />
    <div
      style="width: 20px; height: 20px; border: 1px solid black;"
    />
    <div
      style="width: 20px; height: 20px; border: 1px solid black;"
    />
    <div
      style="width: 20px; height: 20px; border: 1px solid black;"
    />
    <div
      style="width: 20px; height: 20px; border: 1px solid black;"
    />
    <div
      style="width: 20px; height: 20px; border: 1px solid black;"
    />
    <div
      style="width: 20px; height: 20px; border: 1px solid black;"
    />
    <div
      style="width: 20px; height: 20px; border: 1px solid black;"
    />
    <div
      style="width: 20px; height: 20px; border: 1px solid black;"
    />
    <div
      style="width: 20px; height: 20px; border: 1px solid black;"
    />
    <div
      style="width: 20px; height: 20px; border: 1px solid black;"
    />
    <div
      style="width: 20px; height: 20px; border: 1px solid black;"
    />
    <div
      style="width: 20px; height: 20px; border: 1px solid black;"
    />
    <div
      style="width: 20px; height: 20px; border: 1px solid black;"
    />
    <div
      style="width: 20px; height: 20px; border: 1px solid black;"
    />
    <div
      style="width: 20px; height: 20px; border: 1px solid black;"
    />
    <div
      style="width: 20px; height: 20px; border: 1px solid black;"
    />
    <div
      style="width: 20px; height: 20px; border: 1px solid black;"
    />
    <div
      style="width: 20px; height: 20px; border: 1px solid black;"
    />
    <div
      style="width: 20px; height: 20px; border: 1px solid black;"
    />
    <div
      style="width: 20px; height: 20px; border: 1px solid black;"
    />
    <div
      style="width: 20px; height: 20px; border: 1px solid black;"
    />
    <div
      style="width: 20px; height: 20px; border: 1px solid black;"
    />
    <div
      style="width: 20px; height: 20px; border: 1px solid black;"
    />
    <div
      style="width: 20px; height: 20px; border: 1px solid black;"
    />
    <div
      style="width: 20px; height: 20px; border: 1px solid black;"
    />
    <div
      style="width: 20px; height: 20px; border: 1px solid black;"
    />
    <div
      style="width: 20px; height: 20px; border: 1px solid black;"
    />
    <div
      style="width: 20px; height: 20px; border: 1px solid black;"
    />
    <div
      style="width: 20px; height: 20px; border: 1px solid black;"
    />
    <div
      style="width: 20px; height: 20px; border: 1px solid black;"
    />
    <div
      style="width: 20px; height: 20px; border: 1px solid black;"
    />
    <div
      style="width: 20px; height: 20px; border: 1px solid black;"
    />
    <div
      style="width: 20px; height: 20px; border: 1px solid black;"
    />
    <div
      style="width: 20px; height: 20px; border: 1px solid black;"
    />
    <div
      style="width: 20px; height: 20px; border: 1px solid black;"
    />
    <div
      style="width: 20px; height: 20px; border: 1px solid black;"
    />
    <div
      style="width: 20px; height: 20px; border: 1px solid black;"
    />
    <div
      style="width: 20px; height: 20px; border: 1px solid black;"
    />
    <div
      style="width: 20px; height: 20px; border: 1px solid black;"
    />
    <div
      style="width: 20px; height: 20px; border: 1px solid black;"
    />
    <div
      style="width: 20px; height: 20px; border: 1px solid black;"
    />
    <div
      style="width: 20px; height: 20px; border: 1px solid black;"
    />
    <div
      style="width: 20px; height: 20px; border: 1px solid black;"
    />
    <div
      style="width: 20px; height: 20px; border: 1px solid black;"
    />
    <div
      style="width: 20px; height: 20px; border: 1px solid black;"
    />
    <div
      style="width: 20px; height: 20px; border: 1px solid black;"
    />
    <div
      style="width: 20px; height: 20px; border: 1px solid black;"
    />
    <div
      style="width: 20px; height: 20px; border: 1px solid black;"
    />
    <div
      style="width: 20px; height: 20px; border: 1px solid black;"
    />
    <div
      style="width: 20px; height: 20px; border: 1px solid black;"
    />
    <div
      style="width: 20px; height: 20px; border: 1px solid black;"
    />
    <div
      style="width: 20px; height: 20px; border: 1px solid black;"
    />
    <div
      style="width: 20px; height: 20px; border: 1px solid black;"
    />
    <div
      style="width: 20px; height: 20px; border: 1px solid black;"
    />
    <div
      style="width: 20px; height: 20px; border: 1px solid black;"
    />
    <div
      style="width: 20px; height: 20px; border: 1px solid black;"
    />
    <div
      style="width: 20px; height: 20px; border: 1px solid black;"
    />
    <div
      style="width: 20px; height: 20px; border: 1px solid black;"
    />
    <div
      style="width: 20px; height: 20px; border: 1px solid black;"
    />
    <div
      style="width: 20px; height: 20px; border: 1px solid black;"
    />
    <div
      style="width: 20px; height: 20px; border: 1px solid black;"
    />
    <div
      style="width: 20px; height: 20px; border: 1px solid black;"
    />
    <div
      style="width: 20px; height: 20px; border: 1px solid black;"
    />
    <div
      style="width: 20px; height: 20px; border: 1px solid black;"
    />
    <div
      style="width: 20px; height: 20px; border: 1px solid black;"
    />
    <div
      style="width: 20px; height: 20px; border: 1px solid black;"
    />
    <div
      style="width: 20px; height: 20px; border: 1px solid black;"
    />
    <div
      style="width: 20px; height: 20px; border: 1px solid black;"
    />
    <div
      style="width: 20px; height: 20px; border: 1px solid black;"
    />
    <div
      style="width: 20px; height: 20px; border: 1px solid black;"
    />
    <div
      style="width: 20px; height: 20px; border: 1px solid black;"
    />
    <div
      style="width: 20px; height: 20px; border: 1px solid black;"
    />
    <div
      style="width: 20px; height: 20px; border: 1px solid black;"
    />
    <div
      style="width: 20px; height: 20px; border: 1px solid black;"
    />
    <div
      style="width: 20px; height: 20px; border: 1px solid black;"
    />
    <div
      style="width: 20px; height: 20px; border: 1px solid black;"
    />
    <div
      style="width: 20px; height: 20px; border: 1px solid black;"
    />
    <div
      style="width: 20px; height: 20px; border: 1px solid black;"
    />
    <div
      style="width: 20px; height: 20px; border: 1px solid black;"
    />
    <div
      style="width: 20px; height: 20px; border: 1px solid black;"
    />
    <div
      style="width: 20px; height: 20px; border: 1px solid black;"
    />
    <div
      style="width: 20px; height: 20px; border: 1px solid black;"
    />
    <div
      style="width: 20px; height: 20px; border: 1px solid black;"
    />
    <div
      style="width: 20px; height: 20px; border: 1px solid black;"
    />
    <div
      style="width: 20px; height: 20px; border: 1px solid black;"
    />
    <div
      style="width: 20px; height: 20px; border: 1px solid black;"
    />
    <div
      style="width: 20px; height: 20px; border: 1px solid black;"
    />
    <div
      style="width: 20px; height: 20px; border: 1px solid black;"
    />
    <div
      style="width: 20px; height: 20px; border: 1px solid black;"
    />
    <div
      style="width: 20px; height: 20px; border: 1px solid black;"
    />
    <div
      style="width: 20px; height: 20px; border: 1px solid black;"
    />
    <div
      style="width: 20px; height: 20px; border: 1px solid black;"
    />
    <div
      style="width: 20px; height: 20px; border: 1px solid black;"
    />
    <div
      style="width: 20px; height: 20px; border: 1px solid black;"
    />
    <div
      style="width: 20px; height: 20px; border: 1px solid black;"
    />
    <div
      style="width: 20px; height: 20px; border: 1px solid black;"
    />
    <div
      style="width: 20px; height: 20px; border: 1px solid black;"
    />
    <div
      style="width: 20px; height: 20px; border: 1px solid black;"
    />
    <div
      style="width: 20px; height: 20px; border: 1px solid black;"
    />
    <div
      style="width: 20px; height: 20px; border: 1px solid black;"
    />
    <div
      style="width: 20px; height: 20px; border: 1px solid black;"
    />
    <div
      style="width: 20px; height: 20px; border: 1px solid black;"
    />
    <div
      style="width: 20px; height: 20px; border: 1px solid black;"
    />
    <div
      style="width: 20px; height: 20px; border: 1px solid black;"
    />
    <div
      style="width: 20px; height: 20px; border: 1px solid black;"
    />
    <div
      style="width: 20px; height: 20px; border: 1px solid black;"
    />
    <div
      style="width: 20px; height: 20px; border: 1px solid black;"
    />
    <div
      style="width: 20px; height: 20px; border: 1px solid black;"
    />
    <div
      style="width: 20px; height: 20px; border: 1px solid black;"
    />
    <div
      style="width: 20px; height: 20px; border: 1px solid black;"
    />
    <div
      style="width: 20px; height: 20px; border: 1px solid black;"
    />
    <div
      style="width: 20px; height: 20px; border: 1px solid black;"
    />
    <div
      style="width: 20px; height: 20px; border: 1px solid black;"
    />
    <div
      style="width: 20px; height: 20px; border: 1px solid black;"
    />
    <div
      style="width: 20px; height: 20px; border: 1px solid black;"
    />
    <div
      style="width: 20px; height: 20px; border: 1px solid black;"
    />
    <div
      style="width: 20px; height: 20px; border: 1px solid black;"
    />
    <div
      style="width: 20px; height: 20px; border: 1px solid black;"
    />
    <div
      style="width: 20px; height: 20px; border: 1px solid black;"
    />
    <div
      style="width: 20px; height: 20px; border: 1px solid black;"
    />
    <div
      style="width: 20px; height: 20px; border: 1px solid black;"
    />
    <div
      style="width: 20px; height: 20px; border: 1px solid black;"
    />
    <div
      style="width: 20px; height: 20px; border: 1px solid black;"
    />
    <div
      style="width: 20px; height: 20px; border: 1px solid black;"
    />
    <div
      style="width: 20px; height: 20px; border: 1px solid black;"
    />
    <div
      style="width: 20px; height: 20px; border: 1px solid black;"
    />
    <div
      style="width: 20px; height: 20px; border: 1px solid black;"
    />
    <div
      style="width: 20px; height: 20px; border: 1px solid black;"
    />
    <div
      style="width: 20px; height: 20px; border: 1px solid black;"
    />
    <div
      style="width: 20px; height: 20px; border: 1px solid black;"
    />
    <div
      style="width: 20px; height: 20px; border: 1px solid black;"
    />
    <div
      style="width: 20px; height: 20px; border: 1px solid black;"
    />
    <div
      style="width: 20px; height: 20px; border: 1px solid black;"
    />
    <div
      style="width: 20px; height: 20px; border: 1px solid black;"
    />
    <div
      style="width: 20px; height: 20px; border: 1px solid black;"
    />
    <div
      style="width: 20px; height: 20px; border: 1px solid black;"
    />
    <div
      style="width: 20px; height: 20px; border: 1px solid black;"
    />
    <div
      style="width: 20px; height: 20px; border: 1px solid black;"
    />
    <div
      style="width: 20px; height: 20px; border: 1px solid black;"
    />
    <div
      style="width: 20px; height: 20px; border: 1px solid black;"
    />
    <div
      style="width: 20px; height: 20px; border: 1px solid black;"
    />
    <div
      style="width: 20px; height: 20px; border: 1px solid black;"
    />
    <div
      style="width: 20px; height: 20px; border: 1px solid black;"
    />
    <div
      style="width: 20px; height: 20px; border: 1px solid black;"
    />
    <div
      style="width: 20px; height: 20px; border: 1px solid black;"
    />
    <div
      style="width: 20px; height: 20px; border: 1px solid black;"
    />
    <div
      style="width: 20px; height: 20px; border: 1px solid black;"
    />
    <div
      style="width: 20px; height: 20px; border: 1px solid black;"
    />
    <div
      style="width: 20px; height: 20px; border: 1px solid black;"
    />
    <div
      style="width: 20px; height: 20px; border: 1px solid black;"
    />
    <div
      style="width: 20px; height: 20px; border: 1px solid black;"
    />
    <div
      style="width: 20px; height: 20px; border: 1px solid black;"
    />
    <div
      style="width: 20px; height: 20px; border: 1px solid black;"
    />
    <div
      style="width: 20px; height: 20px; border: 1px solid black;"
    />
    <div
      style="width: 20px; height: 20px; border: 1px solid black;"
    />
    <div
      style="width: 20px; height: 20px; border: 1px solid black;"
    />
    <div
      style="width: 20px; height: 20px; border: 1px solid black;"
    />
    <div
      style="width: 20px; height: 20px; border: 1px solid black;"
    />
    <div
      style="width: 20px; height: 20px; border: 1px solid black;"
    />
    <div
      style="width: 20px; height: 20px; border: 1px solid black;"
    />
    <div
      style="width: 20px; height: 20px; border: 1px solid black;"
    />
    <div
      style="width: 20px; height: 20px; border: 1px solid black;"
    />
    <div
      style="width: 20px; height: 20px; border: 1px solid black;"
    />
    <div
      style="width: 20px; height: 20px; border: 1px solid black;"
    />
    <div
      style="width: 20px; height: 20px; border: 1px solid black;"
    />
    <div
      style="width: 20px; height: 20px; border: 1px solid black;"
    />
    <div
      style="width: 20px; height: 20px; border: 1px solid black;"
    />
    <div
      style="width: 20px; height: 20px; border: 1px solid black;"
    />
    <div
      style="width: 20px; height: 20px; border: 1px solid black;"
    />
    <div
      style="width: 20px; height: 20px; border: 1px solid black;"
    />
    <div
      style="width: 20px; height: 20px; border: 1px solid black;"
    />
    <div
      style="width: 20px; height: 20px; border: 1px solid black;"
    />
    <div
      style="width: 20px; height: 20px; border: 1px solid black;"
    />
    <div
      style="width: 20px; height: 20px; border: 1px solid black;"
    />
    <div
      style="width: 20px; height: 20px; border: 1px solid black;"
    />
    <div
      style="width: 20px; height: 20px; border: 1px solid black;"
    />
    <div
      style="width: 20px; height: 20px; border: 1px solid black;"
    />
    <div
      style="width: 20px; height: 20px; border: 1px solid black;"
    />
    <div
      style="width: 20px; height: 20px; border: 1px solid black;"
    />
    <div
      style="width: 20px; height: 20px; border: 1px solid black;"
    />
    <div
      style="width: 20px; height: 20px; border: 1px solid black;"
    />
    <div
      style="width: 20px; height: 20px; border: 1px solid black;"
    />
    <div
      style="width: 20px; height: 20px; border: 1px solid black;"
    />
    <div
      style="width: 20px; height: 20px; border: 1px solid black;"
    />
    <div
      style="width: 20px; height: 20px; border: 1px solid black;"
    />
    <div
      style="width: 20px; height: 20px; border: 1px solid black;"
    />
    <div
      style="width: 20px; height: 20px; border: 1px solid black;"
    />
    <div
      style="width: 20px; height: 20px; border: 1px solid black;"
    />
    <div
      style="width: 20px; height: 20px; border: 1px solid black;"
    />
    <div
      style="width: 20px; height: 20px; border: 1px solid black;"
    />
    <div
      style="width: 20px; height: 20px; border: 1px solid black;"
    />
    <div
      style="width: 20px; height: 20px; border: 1px solid black;"
    />
    <div
      style="width: 20px; height: 20px; border: 1px solid black;"
    />
    <div
      style="width: 20px; height: 20px; border: 1px solid black;"
    />
    <div
      style="width: 20px; height: 20px; border: 1px solid black;"
    />
    <div
      style="width: 20px; height: 20px; border: 1px solid black;"
    />
    <div
      style="width: 20px; height: 20px; border: 1px solid black;"
    />
    <div
      style="width: 20px; height: 20px; border: 1px solid black;"
    />
    <div
      style="width: 20px; height: 20px; border: 1px solid black;"
    />
    <div
      style="width: 20px; height: 20px; border: 1px solid black;"
    />
    <div
      style="width: 20px; height: 20px; border: 1px solid black;"
    />
    <div
      style="width: 20px; height: 20px; border: 1px solid black;"
    />
    <div
      style="width: 20px; height: 20px; border: 1px solid black;"
    />
    <div
      style="width: 20px; height: 20px; border: 1px solid black;"
    />
    <div
      style="width: 20px; height: 20px; border: 1px solid black;"
    />
    <div
      style="width: 20px; height: 20px; border: 1px solid black;"
    />
    <div
      style="width: 20px; height: 20px; border: 1px solid black;"
    />
    <div
      style="width: 20px; height: 20px; border: 1px solid black;"
    />
    <div
      style="width: 20px; height: 20px; border: 1px solid black;"
    />
    <div
      style="width: 20px; height: 20px; border: 1px solid black;"
    />
    <div
      style="width: 20px; height: 20px; border: 1px solid black;"
    />
    <div
      style="width: 20px; height: 20px; border: 1px solid black;"
    />
    <div
      style="width: 20px; height: 20px; border: 1px solid black;"
    />
    <div
      style="width: 20px; height: 20px; border: 1px solid black;"
    />
    <div
      style="width: 20px; height: 20px; border: 1px solid black;"
    />
    <div
      style="width: 20px; height: 20px; border: 1px solid black;"
    />
    <div
      style="width: 20px; height: 20px; border: 1px solid black;"
    />
    <div
      style="width: 20px; height: 20px; border: 1px solid black;"
    />
    <div
      style="width: 20px; height: 20px; border: 1px solid black;"
    />
    <div
      style="width: 20px; height: 20px; border: 1px solid black;"
    />
    <div
      style="width: 20px; height: 20px; border: 1px solid black;"
    />
    <div
      style="width: 20px; height: 20px; border: 1px solid black;"
    />
    <div
      style="width: 20px; height: 20px; border: 1px solid black;"
    />
    <div
      style="width: 20px; height: 20px; border: 1px solid black;"
    />
    <div
      style="width: 20px; height: 20px; border: 1px solid black;"
    />
    <div
      style="width: 20px; height: 20px; border: 1px solid black;"
    />
    <div
      style="width: 20px; height: 20px; border: 1px solid black;"
    />
    <div
      style="width: 20px; height: 20px; border: 1px solid black;"
    />
    <div
      style="width: 20px; height: 20px; border: 1px solid black;"
    />
    <div
      style="width: 20px; height: 20px; border: 1px solid black;"
    />
    <div
      style="width: 20px; height: 20px; border: 1px solid black;"
    />
    <div
      style="width: 20px; height: 20px; border: 1px solid black;"
    />
    <div
      style="width: 20px; height: 20px; border: 1px solid black;"
    />
    <div
      style="width: 20px; height: 20px; border: 1px solid black;"
    />
    <div
      style="width: 20px; height: 20px; border: 1px solid black;"
    />
    <div
      style="width: 20px; height: 20px; border: 1px solid black;"
    />
    <div
      style="width: 20px; height: 20px; border: 1px solid black;"
    />
    <div
      style="width: 20px; height: 20px; border: 1px solid black;"
    />
    <div
      style="width: 20px; height: 20px; border: 1px solid black;"
    />
    <div
      style="width: 20px; height: 20px; border: 1px solid black;"
    />
    <div
      style="width: 20px; height: 20px; border: 1px solid black;"
    />
    <div
      style="width: 20px; height: 20px; border: 1px solid black;"
    />
    <div
      style="width: 20px; height: 20px; border: 1px solid black;"
    />
    <div
      style="width: 20px; height: 20px; border: 1px solid black;"
    />
    <div
      style="width: 20px; height: 20px; border: 1px solid black;"
    />
    <div
      style="width: 20px; height: 20px; border: 1px solid black;"
    />
    <div
      style="width: 20px; height: 20px; border: 1px solid black;"
    />
    <div
      style="width: 20px; height: 20px; border: 1px solid black;"
    />
    <div
      style="width: 20px; height: 20px; border: 1px solid black;"
    />
    <div
      style="width: 20px; height: 20px; border: 1px solid black;"
    />
    <div
      style="width: 20px; height: 20px; border: 1px solid black;"
    />
    <div
      style="width: 20px; height: 20px; border: 1px solid black;"
    />
    <div
      style="width: 20px; height: 20px; border: 1px solid black;"
    />
    <div
      style="width: 20px; height: 20px; border: 1px solid black;"
    />
    <div
      style="width: 20px; height: 20px; border: 1px solid black;"
    />
    <div
      style="width: 20px; height: 20px; border: 1px solid black;"
    />
    <div
      style="width: 20px; height: 20px; border: 1px solid black;"
    />
    <div
      style="width: 20px; height: 20px; border: 1px solid black;"
    />
    <div
      style="width: 20px; height: 20px; border: 1px solid black;"
    />
    <div
      style="width: 20px; height: 20px; border: 1px solid black;"
    />
    <div
      style="width: 20px; height: 20px; border: 1px solid black;"
    />
    <div
      style="width: 20px; height: 20px; border: 1px solid black;"
    />
    <div
      style="width: 20px; height: 20px; border: 1px solid black;"
    />
    <div
      style="width: 20px; height: 20px; border: 1px solid black;"
    />
    <div
      style="width: 20px; height: 20px; border: 1px solid black;"
    />
    <div
      style="width: 20px; height: 20px; border: 1px solid black;"
    />
    <div
      style="width: 20px; height: 20px; border: 1px solid black;"
    />
    <div
      style="width: 20px; height: 20px; border: 1px solid black;"
    />
    <div
      style="width: 20px; height: 20px; border: 1px solid black;"
    />
    <div
      style="width: 20px; height: 20px; border: 1px solid black;"
    />
    <div
      style="width: 20px; height: 20px; border: 1px solid black;"
    />
    <div
      style="width: 20px; height: 20px; border: 1px solid black;"
    />
    <div
      style="width: 20px; height: 20px; border: 1px solid black;"
    />
    <div
      style="width: 20px; height: 20px; border: 1px solid black;"
    />
    <div
      style="width: 20px; height: 20px; border: 1px solid black;"
    />
    <div
      style="width: 20px; height: 20px; border: 1px solid black;"
    />
    <div
      style="width: 20px; height: 20px; border: 1px solid black;"
    />
    <div
      style="width: 20px; height: 20px; border: 1px solid black;"
    />
    <div
      style="width: 20px; height: 20px; border: 1px solid black;"
    />
    <div
      style="width: 20px; height: 20px; border: 1px solid black;"
    />
    <div
      style="width: 20px; height: 20px; border: 1px solid black;"
    />
    <div
      style="width: 20px; height: 20px; border: 1px solid black;"
    />
    <div
      style="width: 20px; height: 20px; border: 1px solid black;"
    />
    <div
      style="width: 20px; height: 20px; border: 1px solid black;"
    />
    <div
      style="width: 20px; height: 20px; border: 1px solid black;"
    />
    <div
      style="width: 20px; height: 20px; border: 1px solid black;"
    />
    <div
      style="width: 20px; height: 20px; border: 1px solid black;"
    />
    <div
      style="width: 20px; height: 20px; border: 1px solid black;"
    />
    <div
      style="width: 20px; height: 20px; border: 1px solid black;"
    />
    <div
      style="width: 20px; height: 20px; border: 1px solid black;"
    />
    <div
      style="width: 20px; height: 20px; border: 1px solid black;"
    />
    <div
      style="width: 20px; height: 20px; border: 1px solid black;"
    />
    <div
      style="width: 20px; height: 20px; border: 1px solid black;"
    />
    <div
      style="width: 20px; height: 20px; border: 1px solid black;"
    />
    <div
      style="width: 20px; height: 20px; border: 1px solid black;"
    />
    <div
      style="width: 20px; height: 20px; border: 1px solid black;"
    />
    <div
      style="width: 20px; height: 20px; border: 1px solid black;"
    />
    <div
      style="width: 20px; height: 20px; border: 1px solid black;"
    />
    <div
      style="width: 20px; height: 20px; border: 1px solid black;"
    />
    <div
      style="width: 20px; height: 20px; border: 1px solid black;"
    />
    <div
      style="width: 20px; height: 20px; border: 1px solid black;"
    />
    <div
      style="width: 20px; height: 20px; border: 1px solid black;"
    />
    <div
      style="width: 20px; height: 20px; border: 1px solid black;"
    />
    <div
      style="width: 20px; height: 20px; border: 1px solid black;"
    />
    <div
      style="width: 20px; height: 20px; border: 1px solid black;"
    />
    <div
      style="width: 20px; height: 20px; border: 1px solid black;"
    />
    <div
      style="width: 20px; height: 20px; border: 1px solid black;"
    />
    <div
      style="width: 20px; height: 20px; border: 1px solid black;"
    />
    <div
      style="width: 20px; height: 20px; border: 1px solid black;"
    />
    <div
      style="width: 20px; height: 20px; border: 1px solid black;"
    />
    <div
      style="width: 20px; height: 20px; border: 1px solid black;"
    />
    <div
      style="width: 20px; height: 20px; border: 1px solid black;"
    />
    <div
      style="width: 20px; height: 20px; border: 1px solid black;"
    />
    <div
      style="width: 20px; height: 20px; border: 1px solid black;"
    />
    <div
      style="width: 20px; height: 20px; border: 1px solid black;"
    />
    <div
      style="width: 20px; height: 20px; border: 1px solid black;"
    />
    <div
      style="width: 20px; height: 20px; border: 1px solid black;"
    />
    <div
      style="width: 20px; height: 20px; border: 1px solid black;"
    />
    <div
      style="width: 20px; height: 20px; border: 1px solid black;"
    />
    <div
      style="width: 20px; height: 20px; border: 1px solid black;"
    />
    <div
      style="width: 20px; height: 20px; border: 1px solid black;"
    />
    <div
      style="width: 20px; height: 20px; border: 1px solid black;"
    />
    <div
      style="width: 20px; height: 20px; border: 1px solid black;"
    />
    <div
      style="width: 20px; height: 20px; border: 1px solid black;"
    />
    <div
      style="width: 20px; height: 20px; border: 1px solid black;"
    />
    <div
      style="width: 20px; height: 20px; border: 1px solid black;"
    />
    <div
      style="width: 20px; height: 20px; border: 1px solid black;"
    />
    <div
      style="width: 20px; height: 20px; border: 1px solid black;"
    />
    <div
      style="width: 20px; height: 20px; border: 1px solid black;"
    />
    <div
      style="width: 20px; height: 20px; border: 1px solid black;"
    />
    <div
      style="width: 20px; height: 20px; border: 1px solid black;"
    />
    <div
      style="width: 20px; height: 20px; border: 1px solid black;"
    />
    <div
      style="width: 20px; height: 20px; border: 1px solid black;"
    />
    <div
      style="width: 20px; height: 20px; border: 1px solid black;"
    />
    <div
      style="width: 20px; height: 20px; border: 1px solid black;"
    />
    <div
      style="width: 20px; height: 20px; border: 1px solid black;"
    />
    <div
      style="width: 20px; height: 20px; border: 1px solid black;"
    />
    <div
      style="width: 20px; height: 20px; border: 1px solid black;"
    />
    <div
      style="width: 20px; height: 20px; border: 1px solid black;"
    />
    <div
      style="width: 20px; height: 20px; border: 1px solid black;"
    />
    <div
      style="width: 20px; height: 20px; border: 1px solid black;"
    />
    <div
      style="width: 20px; height: 20px; border: 1px solid black;"
    />
    <div
      style="width: 20px; height: 20px; border: 1px solid black;"
    />
    <div
      style="width: 20px; height: 20px; border: 1px solid black;"
    />
    <div
      style="width: 20px; height: 20px; border: 1px solid black;"
    />
    <div
      style="width: 20px; height: 20px; border: 1px solid black;"
    />
    <div
      style="width: 20px; height: 20px; border: 1px solid black;"
    />
    <div
      style="width: 20px; height: 20px; border: 1px solid black;"
    />
    <div
      style="width: 20px; height: 20px; border: 1px solid black;"
    />
    <div
      style="width: 20px; height: 20px; border: 1px solid black;"
    />
    <div
      style="width: 20px; height: 20px; border: 1px solid black;"
    />
    <div
      style="width: 20px; height: 20px; border: 1px solid black;"
    />
    <div
      style="width: 20px; height: 20px; border: 1px solid black;"
    />
    <div
      style="width: 20px; height: 20px; border: 1px solid black;"
    />
    <div
      style="width: 20px; height: 20px; border: 1px solid black;"
    />
    <div
      style="width: 20px; height: 20px; border: 1px solid black;"
    />
    <div
      style="width: 20px; height: 20px; border: 1px solid black;"
    />
    <div
      style="width: 20px; height: 20px; border: 1px solid black;"
    />
    <div
      style="width: 20px; height: 20px; border: 1px solid black;"
    />
    <div
      style="width: 20px; height: 20px; border: 1px solid black;"
    />
    <div
      style="width: 20px; height: 20px; border: 1px solid black;"
    />
    <div
      style="width: 20px; height: 20px; border: 1px solid black;"
    />
    <div
      style="width: 20px; height: 20px; border: 1px solid black;"
    />
    <div
      style="width: 20px; height: 20px; border: 1px solid black;"
    />
    <div
      style="width: 20px; height: 20px; border: 1px solid black;"
    />
    <div
      style="width: 20px; height: 20px; border: 1px solid black;"
    />
    <div
      style="width: 20px; height: 20px; border: 1px solid black;"
    />
    <div
      style="width: 20px; height: 20px; border: 1px solid black;"
    />
    <div
      style="width: 20px; height: 20px; border: 1px solid black;"
    />
    <div
      style="width: 20px; height: 20px; border: 1px solid black;"
    />
    <div
      style="width: 20px; height: 20px; border: 1px solid black;"
    />
    <div
      style="width: 20px; height: 20px; border: 1px solid black;"
    />
    <div
      style="width: 20px; height: 20px; border: 1px solid black;"
    />
    <div
      style="width: 20px; height: 20px; border: 1px solid black;"
    />
    <div
      style="width: 20px; height: 20px; border: 1px solid black;"
    />
    <div
      style="width: 20px; height: 20px; border: 1px solid black;"
    />
    <div
      style="width: 20px; height: 20px; border: 1px solid black;"
    />
    <div
      style="width: 20px; height: 20px; border: 1px solid black;"
    />
    <div
      style="width: 20px; height: 20px; border: 1px solid black;"
    />
    <div
      style="width: 20px; height: 20px; border: 1px solid black;"
    />
    <div
      style="width: 20px; height: 20px; border: 1px solid black;"
    />
    <div
      style="width: 20px; height: 20px; border: 1px solid black;"
    />
    <div
      style="width: 20px; height: 20px; border: 1px solid black;"
    />
    <div
      style="width: 20px; height: 20px; border: 1px solid black;"
    />
    <div
      style="width: 20px; height: 20px; border: 1px solid black;"
    />
    <div
      style="width: 20px; height: 20px; border: 1px solid black;"
    />
    <div
      style="width: 20px; height: 20px; border: 1px solid black;"
    />
    <div
      style="width: 20px; height: 20px; border: 1px solid black;"
    />
    <div
      style="width: 20px; height: 20px; border: 1px solid black;"
    />
    <div
      style="width: 20px; height: 20px; border: 1px solid black;"
    />
    <div
      style="width: 20px; height: 20px; border: 1px solid black;"
    />
    <div
      style="width: 20px; height: 20px; border: 1px solid black;"
    />
    <div
      style="width: 20px; height: 20px; border: 1px solid black;"
    />
    <div
      style="width: 20px; height: 20px; border: 1px solid black;"
    />
    <div
      style="width: 20px; height: 20px; border: 1px solid black;"
    />
    <div
      style="width: 20px; height: 20px; border: 1px solid black;"
    />
    <div
      style="width: 20px; height: 20px; border: 1px solid black;"
    />
    <div
      style="width: 20px; height: 20px; border: 1px solid black;"
    />
    <div
      style="width: 20px; height: 20px; border: 1px solid black;"
    />
    <div
      style="width: 20px; height: 20px; border: 1px solid black;"
    />
    <div
      style="width: 20px; height: 20px; border: 1px solid black;"
    />
    <div
      style="width: 20px; height: 20px; border: 1px solid black;"
    />
    <div
      style="width: 20px; height: 20px; border: 1px solid black;"
    />
    <div
      style="width: 20px; height: 20px; border: 1px solid black;"
    />
    <div
      style="width: 20px; height: 20px; border: 1px solid black;"
    />
    <div
      style="width: 20px; height: 20px; border: 1px solid black;"
    />
    <div
      style="width: 20px; height: 20px; border: 1px solid black;"
    />
    <div
      style="width: 20px; height: 20px; border: 1px solid black;"
    />
    <div
      style="width: 20px; height: 20px; border: 1px solid black;"
    />
    <div
      style="width: 20px; height: 20px; border: 1px solid black;"
    />
    <div
      style="width: 20px; height: 20px; border: 1px solid black;"
    />
    <div
      style="width: 20px; height: 20px; border: 1px solid black;"
    />
    <div
      style="width: 20px; height: 20px; border: 1px solid black;"
    />
    <div
      style="width: 20px; height: 20px; border: 1px solid black;"
    />
    <div
      style="width: 20px; height: 20px; border: 1px solid black;"
    />
    <div
      style="width: 20px; height: 20px; border: 1px solid black;"
    />
    <div
      style="width: 20px; height: 20px; border: 1px solid black;"
    />
    <div
      style="width: 20px; height: 20px; border: 1px solid black;"
    />
    <div
      style="width: 20px; height: 20px; border: 1px solid black;"
    />
    <div
      style="width: 20px; height: 20px; border: 1px solid black;"
    />
    <div
      style="width: 20px; height: 20px; border: 1px solid black;"
    />
    <div
      style="width: 20px; height: 20px; border: 1px solid black;"
    />
    <div
      style="width: 20px; height: 20px; border: 1px solid black;"
    />
    <div
      style="width: 20px; height: 20px; border: 1px solid black;"
    />
    <div
      style="width: 20px; height: 20px; border: 1px solid black;"
    />
    <div
      style="width: 20px; height: 20px; border: 1px solid black;"
    />
    <div
      style="width: 20px; height: 20px; border: 1px solid black;"
    />
    <div
      style="width: 20px; height: 20px; border: 1px solid black;"
    />
    <div
      style="width: 20px; height: 20px; border: 1px solid black;"
    />
    <div
      style="width: 20px; height: 20px; border: 1px solid black;"
    />
    <div
      style="width: 20px; height: 20px; border: 1px solid black;"
    />
    <div
      style="width: 20px; height: 20px; border: 1px solid black;"
    />
    <div
      style="width: 20px; height: 20px; border: 1px solid black;"
    />
    <div
      style="width: 20px; height: 20px; border: 1px solid black;"
    />
    <div
      style="width: 20px; height: 20px; border: 1px solid black;"
    />
    <div
      style="width: 20px; height: 20px; border: 1px solid black;"
    />
    <div
      style="width: 20px; height: 20px; border: 1px solid black;"
    />
    <div
      style="width: 20px; height: 20px; border: 1px solid black;"
    />
    <div
      style="width: 20px; height: 20px; border: 1px solid black;"
    />
    <div
      style="width: 20px; height: 20px; border: 1px solid black;"
    />
    <div
      style="width: 20px; height: 20px; border: 1px solid black;"
    />
    <div
      style="width: 20px; height: 20px; border: 1px solid black;"
    />
    <div
      style="width: 20px; height: 20px; border: 1px solid black;"
    />
    <div
      style="width: 20px; height: 20px; border: 1px solid black;"
    />
    <div
      style="width: 20px; height: 20px; border: 1px solid black;"
    />
    <div
      style="width: 20px; height: 20px; border: 1px solid black;"
    />
    <div
      style="width: 20px; height: 20px; border: 1px solid black;"
    />
    <div
      style="width: 20px; height: 20px; border: 1px solid black;"
    />
    <div
      style="width: 20px; height: 20px; border: 1px solid black;"
    />
    <div
      style="width: 20px; height: 20px; border: 1px solid black;"
    />
    <div
      style="width: 20px; height: 20px; border: 1px solid black;"
    />
    <div
      style="width: 20px; height: 20px; border: 1px solid black;"
    />
    <div
      style="width: 20px; height: 20px; border: 1px solid black;"
    />
    <div
      style="width: 20px; height: 20px; border: 1px solid black;"
    />
    <div
      style="width: 20px; height: 20px; border: 1px solid black;"
    />
    <div
      style="width: 20px; height: 20px; border: 1px solid black;"
    />
    <div
      style="width: 20px; height: 20px; border: 1px solid black;"
    />
    <div
      style="width: 20px; height: 20px; border: 1px solid black;"
    />
    <div
      style="width: 20px; height: 20px; border: 1px solid black;"
    />
    <div
      style="width: 20px; height: 20px; border: 1px solid black;"
    />
    <div
      style="width: 20px; height: 20px; border: 1px solid black;"
    />
    <div
      style="width: 20px; height: 20px; border: 1px solid black;"
    />
    <div
      style="width: 20px; height: 20px; border: 1px solid black;"
    />
    <div
      style="width: 20px; height: 20px; border: 1px solid black;"
    />
    <div
      style="width: 20px; height: 20px; border: 1px solid black;"
    />
    <div
      style="width: 20px; height: 20px; border: 1px solid black;"
    />
    <div
      style="width: 20px; height: 20px; border: 1px solid black;"
    />
    <div
      style="width: 20px; height: 20px; border: 1px solid black;"
    />
    <div
      style="width: 20px; height: 20px; border: 1px solid black;"
    />
    <div
      style="width: 20px; height: 20px; border: 1px solid black;"
    />
    <div
      style="width: 20px; height: 20px; border: 1px solid black;"
    />
    <div
      style="width: 20px; height: 20px; border: 1px solid black;"
    />
    <div
      style="width: 20px; height: 20px; border: 1px solid black;"
    />
    <div
      style="width: 20px; height: 20px; border: 1px solid black;"
    />
    <div
      style="width: 20px; height: 20px; border: 1px solid black;"
    />
    <div
      style="width: 20px; height: 20px; border: 1px solid black;"
    />
    <div
      style="width: 20px; height: 20px; border: 1px solid black;"
    />
    <div
      style="width: 20px; height: 20px; border: 1px solid black;"
    />
    <div
      style="width: 20px; height: 20px; border: 1px solid black;"
    />
    <div
      style="width: 20px; height: 20px; border: 1px solid black;"
    />
    <div
      style="width: 20px; height: 20px; border: 1px solid black;"
    />
    <div
      style="width: 20px; height: 20px; border: 1px solid black;"
    />
    <div
      style="width: 20px; height: 20px; border: 1px solid black;"
    />
    <div
      style="width: 20px; height: 20px; border: 1px solid black;"
    />
    <div
      style="width: 20px; height: 20px; border: 1px solid black;"
    />
    <div
      style="width: 20px; height: 20px; border: 1px solid black;"
    />
    <div
      style="width: 20px; height: 20px; border: 1px solid black;"
    />
    <div
      style="width: 20px; height: 20px; border: 1px solid black;"
    />
    <div
      style="width: 20px; height: 20px; border: 1px solid black;"
    />
    <div
      style="width: 20px; height: 20px; border: 1px solid black;"
    />
    <div
      style="width: 20px; height: 20px; border: 1px solid black;"
    />
    <div
      style="width: 20px; height: 20px; border: 1px solid black;"
    />
    <div
      style="width: 20px; height: 20px; border: 1px solid black;"
    />
    <div
      style="width: 20px; height: 20px; border: 1px solid black;"
    />
    <div
      style="width: 20px; height: 20px; border: 1px solid black;"
    />
    <div
      style="width: 20px; height: 20px; border: 1px solid black;"
    />
    <div
      style="width: 20px; height: 20px; border: 1px solid black;"
    />
    <div
      style="width: 20px; height: 20px; border: 1px solid black;"
    />
    <div
      style="width: 20px; height: 20px; border: 1px solid black;"
    />
    <div
      style="width: 20px; height: 20px; border: 1px solid black;"
    />
    <div
      style="width: 20px; height: 20px; border: 1px solid black;"
    />
    <div
      style="width: 20px; height: 20px; border: 1px solid black;"
    />
    <div
      style="width: 20px; height: 20px; border: 1px solid black;"
    />
    <div
      style="width: 20px; height: 20px; border: 1px solid black;"
    />
    <div
      style="width: 20px; height: 20px; border: 1px solid black;"
    />
    <div
      style="width: 20px; height: 20px; border: 1px solid black;"
    />
    <div
      style="width: 20px; height: 20px; border: 1px solid black;"
    />
    <div
      style="width: 20px; height: 20px; border: 1px solid black;"
    />
    <div
      style="width: 20px; height: 20px; border: 1px solid black;"
    />
    <div
      style="width: 20px; height: 20px; border: 1px solid black;"
    />
    <div
      style="width: 20px; height: 20px; border: 1px solid black;"
    />
    <div
      style="width: 20px; height: 20px; border: 1px solid black;"
    />
    <div
      style="width: 20px; height: 20px; border: 1px solid black;"
    />
    <div
      style="width: 20px; height: 20px; border: 1px solid black;"
    />
    <div
      style="width: 20px; height: 20px; border: 1px solid black;"
    />
    <div
      style="width: 20px; height: 20px; border: 1px solid black;"
    />
    <div
      style="width: 20px; height: 20px; border: 1px solid black;"
    />
    <div
      style="width: 20px; height: 20px; border: 1px solid black;"
    />
    <div
      style="width: 20px; height: 20px; border: 1px solid black;"
    />
    <div
      style="width: 20px; height: 20px; border: 1px solid black;"
    />
    <div
      style="width: 20px; height: 20px; border: 1px solid black;"
    />
    <div
      style="width: 20px; height: 20px; border: 1px solid black;"
    />
    <div
      style="width: 20px; height: 20px; border: 1px solid black;"
    />
    <div
      style="width: 20px; height: 20px; border: 1px solid black;"
    />
    <div
      style="width: 20px; height: 20px; border: 1px solid black;"
    />
    <div
      style="width: 20px; height: 20px; border: 1px solid black;"
    />
    <div
      style="width: 20px; height: 20px; border: 1px solid black;"
    />
    <div
      style="width: 20px; height: 20px; border: 1px solid black;"
    />
    <div
      style="width: 20px; height: 20px; border: 1px solid black;"
    />
    <div
      style="width: 20px; height: 20px; border: 1px solid black;"
    />
    <div
      style="width: 20px; height: 20px; border: 1px solid black;"
    />
    <div
      style="width: 20px; height: 20px; border: 1px solid black;"
    />
    <div
      style="width: 20px; height: 20px; border: 1px solid black;"
    />
    <div
      style="width: 20px; height: 20px; border: 1px solid black;"
    />
    <div
      style="width: 20px; height: 20px; border: 1px solid black;"
    />
    <div
      style="width: 20px; height: 20px; border: 1px solid black;"
    />
    <div
      style="width: 20px; height: 20px; border: 1px solid black;"
    />
    <div
      style="width: 20px; height: 20px; border: 1px solid black;"
    />
    <div
      style="width: 20px; height: 20px; border: 1px solid black;"
    />
    <div
      style="width: 20px; height: 20px; border: 1px solid black;"
    />
    <div
      style="width: 20px; height: 20px; border: 1px solid black;"
    />
    <div
      style="width: 20px; height: 20px; border: 1px solid black;"
    />
    <div
      style="width: 20px; height: 20px; border: 1px solid black;"
    />
    <div
      style="width: 20px; height: 20px; border: 1px solid black;"
    />
    <div
      style="width: 20px; height: 20px; border: 1px solid black;"
    />
    <div
      style="width: 20px; height: 20px; border: 1px solid black;"
    />
    <div
      style="width: 20px; height: 20px; border: 1px solid black;"
    />
    <div
      style="width: 20px; height: 20px; border: 1px solid black;"
    />
    <div
      style="width: 20px; height: 20px; border: 1px solid black;"
    />
    <div
      style="width: 20px; height: 20px; border: 1px solid black;"
    />
    <div
      style="width: 20px; height: 20px; border: 1px solid black;"
    />
    <div
      style="width: 20px; height: 20px; border: 1px solid black;"
    />
    <div
      style="width: 20px; height: 20px; border: 1px solid black;"
    />
    <div
      style="width: 20px; height: 20px; border: 1px solid black;"
    />
    <div
      style="width: 20px; height: 20px; border: 1px solid black;"
    />
    <div
      style="width: 20px; height: 20px; border: 1px solid black;"
    />
    <div
      style="width: 20px; height: 20px; border: 1px solid black;"
    />
    <div
      style="width: 20px; height: 20px; border: 1px solid black;"
    />
    <div
      style="width: 20px; height: 20px; border: 1px solid black;"
    />
    <div
      style="width: 20px; height: 20px; border: 1px solid black;"
    />
    <div
      style="width: 20px; height: 20px; border: 1px solid black;"
    />
    <div
      style="width: 20px; height: 20px; border: 1px solid black;"
    />
    <div
      style="width: 20px; height: 20px; border: 1px solid black;"
    />
    <div
      style="width: 20px; height: 20px; border: 1px solid black;"
    />
    <div
      style="width: 20px; height: 20px; border: 1px solid black;"
    />
    <div
      style="width: 20px; height: 20px; border: 1px solid black;"
    />
    <div
      style="width: 20px; height: 20px; border: 1px solid black;"
    />
    <div
      style="width: 20px; height: 20px; border: 1px solid black;"
    />
    <div
      style="width: 20px; height: 20px; border: 1px solid black;"
    />
    <div
      style="width: 20px; height: 20px; border: 1px solid black;"
    />
    <div
      style="width: 20px; height: 20px; border: 1px solid black;"
    />
    <div
      style="width: 20px; height: 20px; border: 1px solid black;"
    />
    <div
      style="width: 20px; height: 20px; border: 1px solid black;"
    />
    <div
      style="width: 20px; height: 20px; border: 1px solid black;"
    />
    <div
      style="width: 20px; height: 20px; border: 1px solid black;"
    />
    <div
      style="width: 20px; height: 20px; border: 1px solid black;"
    />
    <div
      style="width: 20px; height: 20px; border: 1px solid black;"
    />
    <div
      style="width: 20px; height: 20px; border: 1px solid black;"
    />
    <div
      style="width: 20px; height: 20px; border: 1px solid black;"
    />
    <div
      style="width: 20px; height: 20px; border: 1px solid black;"
    />
    <div
      style="width: 20px; height: 20px; border: 1px solid black;"
    />
    <div
      style="width: 20px; height: 20px; border: 1px solid black;"
    />
    <div
      style="width: 20px; height: 20px; border: 1px solid black;"
    />
    <div
      style="width: 20px; height: 20px; border: 1px solid black;"
    />
    <div
      style="width: 20px; height: 20px; border: 1px solid black;"
    />
    <div
      style="width: 20px; height: 20px; border: 1px solid black;"
    />
    <div
      style="width: 20px; height: 20px; border: 1px solid black;"
    />
    <div
      style="width: 20px; height: 20px; border: 1px solid black;"
    />
    <div
      style="width: 20px; height: 20px; border: 1px solid black;"
    />
    <div
      style="width: 20px; height: 20px; border: 1px solid black;"
    />
    <div
      style="width: 20px; height: 20px; border: 1px solid black;"
    />
    <div
      style="width: 20px; height: 20px; border: 1px solid black;"
    />
    <div
      style="width: 20px; height: 20px; border: 1px solid black;"
    />
    <div
      style="width: 20px; height: 20px; border: 1px solid black;"
    />
    <div
      style="width: 20px; height: 20px; border: 1px solid black;"
    />
    <div
      style="width: 20px; height: 20px; border: 1px solid black;"
    />
    <div
      style="width: 20px; height: 20px; border: 1px solid black;"
    />
    <div
      style="width: 20px; height: 20px; border: 1px solid black;"
    />
    <div
      style="width: 20px; height: 20px; border: 1px solid black;"
    />
    <div
      style="width: 20px; height: 20px; border: 1px solid black;"
    />
    <div
      style="width: 20px; height: 20px; border: 1px solid black;"
    />
    <div
      style="width: 20px; height: 20px; border: 1px solid black;"
    />
    <div
      style="width: 20px; height: 20px; border: 1px solid black;"
    />
    <div
      style="width: 20px; height: 20px; border: 1px solid black;"
    />
    <div
      style="width: 20px; height: 20px; border: 1px solid black;"
    />
  </div>
</DocumentFragment>
`;
